Running version=v0: 88 diets x 6 combos = 528 points
  50/528 (52.3s elapsed)
  100/528 (118.9s elapsed)
  150/528 (192.6s elapsed)
  200/528 (265.3s elapsed)
  250/528 (330.6s elapsed)
  300/528 (416.3s elapsed)
  350/528 (510.5s elapsed)
  400/528 (602.6s elapsed)
  450/528 (695.1s elapsed)
  500/528 (787.8s elapsed)
  528/528 (837.1s elapsed)

Done in 837.1s (528 points, 1585.4ms/point avg wall time overhead incl. diagnostics)
Wrote C:\Users\georg\OneDrive\Desktop\AKLI\Leb App\Akli App\BackEnd\mealplanner-flask\scripts\solver_study\data\results_v0.json
Wrote C:\Users\georg\OneDrive\Desktop\AKLI\Leb App\Akli App\BackEnd\mealplanner-flask\scripts\solver_study\data\results_v0.csv

Solve-mode distribution:
  best_effort_lp        371  (70.3%)
  strict_tight          106  (20.1%)
  strict_relaxed_tol     40  (7.6%)
  relaxed_culinary       11  (2.1%)

Culinary-cap guardrail breaches: 0/528
