Running version=v4 (optimize_subrecipes_v4), fixture=recipe_fixture_shipped.json: 88 diets x 6 combos = 528 points  [diagnostics skipped -- not v0]
  50/528 (12.9s elapsed)
  100/528 (36.9s elapsed)
  150/528 (66.5s elapsed)
  200/528 (98.1s elapsed)
  250/528 (129.5s elapsed)
  300/528 (162.1s elapsed)
  350/528 (195.9s elapsed)
  400/528 (231.8s elapsed)
  450/528 (276.0s elapsed)
  500/528 (307.4s elapsed)
  528/528 (327.1s elapsed)

Done in 327.1s (528 points, 619.5ms/point avg wall time overhead incl. diagnostics)
Wrote C:\Users\georg\OneDrive\Desktop\AKLI\Leb App\Akli App\BackEnd\mealplanner-flask\scripts\solver_study\data\results_v4.json
Wrote C:\Users\georg\OneDrive\Desktop\AKLI\Leb App\Akli App\BackEnd\mealplanner-flask\scripts\solver_study\data\results_v4.csv

Solve-mode distribution:
  best_effort_lp        219  (41.5%)
  single_meal_kcal_only  176  (33.3%)
  strict_tight          108  (20.5%)
  strict_relaxed_tol     19  (3.6%)
  relaxed_culinary        6  (1.1%)

Culinary-cap guardrail breaches: 0/528
