Running version=v5 (optimize_subrecipes_v5), fixture=recipe_fixture_shipped.json: 88 diets x 6 combos = 528 points  [diagnostics skipped -- not v0]
  50/528 (15.8s elapsed)
  100/528 (49.6s elapsed)
  150/528 (104.5s elapsed)
  200/528 (152.9s elapsed)
  250/528 (197.7s elapsed)
  300/528 (252.1s elapsed)
  350/528 (300.7s elapsed)
  400/528 (348.6s elapsed)
  450/528 (401.5s elapsed)
  500/528 (448.9s elapsed)
  528/528 (469.1s elapsed)

Done in 469.1s (528 points, 888.4ms/point avg wall time overhead incl. diagnostics)
Wrote C:\Users\georg\OneDrive\Desktop\AKLI\Leb App\Akli App\BackEnd\mealplanner-flask\scripts\solver_study\data\results_v5.json
Wrote C:\Users\georg\OneDrive\Desktop\AKLI\Leb App\Akli App\BackEnd\mealplanner-flask\scripts\solver_study\data\results_v5.csv

Solve-mode distribution:
  best_effort_lp        206  (39.0%)
  single_meal_kcal_only  176  (33.3%)
  strict_tight          111  (21.0%)
  strict_relaxed_tol     25  (4.7%)
  relaxed_culinary       10  (1.9%)

Culinary-cap guardrail breaches: 0/528
