Running version=v2 (optimize_subrecipes_v2), fixture=recipe_fixture_with_mains.json: 88 diets x 6 combos = 528 points  [diagnostics skipped -- not v0]
  50/528 (28.0s elapsed)
  100/528 (71.5s elapsed)
  150/528 (132.2s elapsed)
  200/528 (183.9s elapsed)
  250/528 (229.2s elapsed)
  300/528 (279.4s elapsed)
  350/528 (331.6s elapsed)
  400/528 (385.7s elapsed)
  450/528 (438.1s elapsed)
  500/528 (501.4s elapsed)
  528/528 (531.3s elapsed)

Done in 531.3s (528 points, 1006.2ms/point avg wall time overhead incl. diagnostics)
Wrote C:\Users\georg\OneDrive\Desktop\AKLI\Leb App\Akli App\BackEnd\mealplanner-flask\scripts\solver_study\data\results_v2.json
Wrote C:\Users\georg\OneDrive\Desktop\AKLI\Leb App\Akli App\BackEnd\mealplanner-flask\scripts\solver_study\data\results_v2.csv

Solve-mode distribution:
  best_effort_lp        330  (62.5%)
  strict_tight          140  (26.5%)
  strict_relaxed_tol     51  (9.7%)
  relaxed_culinary        7  (1.3%)

Culinary-cap guardrail breaches: 0/528
